FFFFF.....sss......................................sssss................ [  2%]
........sssssssssssssssssssssssssssssssssssssss......................... [  5%]
......sssssssss.ssss...ssssss..sssssss.....ssssssssss................... [  8%]
........................................................................ [ 11%]
........................................................................ [ 13%]
....................................................................sss. [ 16%]
...............................................................